[Licensing::Module] Trying to connect to existing licensing client channel...
Built from '6000.5/staging' branch; Version is '6000.5.5f1 (d16e074b49fd) revision 13725191'; Using compiler version '194234433'; Build Type 'Release'
[Licensing::IpcConnector] Successfully connected to: "LicenseClient-blaow" at "2026-07-26T16:06:36.4052895Z"
OS: 'Windows 11  (10.0.26200) Professional' Language: 'en' Physical Memory: 63165 MB
BatchMode: 1, IsHumanControllingUs: 0, StartBugReporterOnCrash: 0, Is64bit: 1
System  architecture: x64
Process architecture: x64
Date: 2026-07-26T16:06:36Z

COMMAND LINE ARGUMENTS:
C:\Program Files\Unity\Hub\Editor\6000.5.5f1\Editor\Unity.exe
-batchmode
-nographics
-projectPath
d:\code\game-development\education-endless-runner
-logFile
d:\code\game-development\education-endless-runner\unity_compile.log
-quit
Successfully changed project path to: d:\code\game-development\education-endless-runner
D:/code/game-development/education-endless-runner
Exiting without the bug reporter. Application will terminate with return code 1